// Jest Snapshot v1, https://goo.gl/fbAQLP

exports[`<Slot /> render 1`] = `
<div
  className="slot"
  style={
    Object {
      "transform": "translateZ(10px) translateY(10px) rotateX(10deg)",
    }
  }
>
  <img
    src="test-file-stub"
  />
</div>
`;
